unknown identifier `unbound` at 1:20
(assert (and false unbound))
                   ^

