the function `f` expects 2 arguments but got 1 at 2:12
(assert (f true))
           ^

