the function `f` expects at most 0 arguments at 2:28
(assert (let ((f true)) (f f)))
                           ^

