the function `f` expects 1 arguments but got 0 at 2:9
(assert f)
        ^

