The last command was not `check-sat-assuming` that returned `Unsat` at 3:2
(get-unsat-core)
 ^

