argument 1 of the function `=` has sort `Bool` but should have sort `S1` at 3:21
(assert (= (f true) false))
                    ^

