The option `:produce-models` must be set to true at 4:2
(get-model) ; fail
 ^

The option `:produce-models` must be set to true at 7:2
(get-model) ; fail
 ^

