argument 0 of the function `f` has sort `Bool` but should have sort `S1` at 3:12
(assert (f true))
           ^

