the 0th argument of the function assert has sort S1 but should have sort Bool at 3:12
(assert (f true))
           ^

