unknown identifier `f` at 1:10
(assert (f true))
         ^

