unsat
unsat
sat
(
 (define-fun a () S @S_3)
 (define-fun b () S @S_4)
 (define-fun f ((x!0 S)) Bool
  (ite (= x!0 @S_3) true
  (ite (= x!0 @S_4) false
   f!default)))
)
unsat
unsat
