Sat
(
 (define-fun f ((x!0 Bool)) Bool
   f!default)
 (define-fun g ((x!0 Bool) (x!1 Bool)) Bool
   g!default)
)
