sat
(
 (define-fun a () Bool true)
 (define-fun b () Bool true)
 (define-fun f ((x!0 Bool)) Bool
  (ite (= x!0 true) true
   false))
 (define-fun x () Bool true)
)
unsat
