sat
(
 (define-fun a () S @S_3)
 (define-fun b () S @S_3)
 (define-fun f ((x!0 S)) Bool
  (ite (= x!0 @S_3) true
   f!default))
)
sat
(
 (define-fun a () S @S_3)
 (define-fun b () S @S_3)
 (define-fun c () S2 @S2_6)
 (define-fun f ((x!0 S)) Bool
  (ite (= x!0 @S_3) true
   f!default))
 (define-fun g ((x!0 S2)) S
  (ite (= x!0 @S2_6) @S_7
   g!default))
)
unsat
()
sat
(
 (define-fun a () S @S_3)
 (define-fun b () S @S_3)
 (define-fun c () S @S_6)
 (define-fun f ((x!0 S)) Bool
  (ite (= x!0 @S_3) true
  (ite (= x!0 @S_6) false
   f!default)))
)
unsat
()
