Sat
(
 (define-fun a () Bool true)
 (define-fun b () Bool false)
 (define-fun c () Bool false)
)
Unsat
