sat
((a @S1_3)
 (b @S1_3)
 (x true))
(
 (define-fun a () S1 @S1_3)
 (define-fun b () S1 @S1_3)
 (define-fun x () Bool true)
)
unsat
((not (and x (= (a) (b)))))
