sat
(
 (define-fun a () D D!val!3)
 (define-fun b () D D!val!4)
 (define-fun c () D D!val!3)
)
unsat
