sat
((i true)
 (x true)
 (y false)
 (o false))
(
 (define-fun i () Bool true)
 (define-fun o () Bool false)
 (define-fun x () Bool true)
 (define-fun y () Bool false)
)
sat
((i false)
 (x true)
 (y false)
 (o true)
 (a @U_9)
 (b @U_11))
(
 (define-fun a () U @U_9)
 (define-fun b () U @U_11)
 (define-fun i () Bool false)
 (define-fun o () Bool true)
 (define-fun x () Bool true)
 (define-fun y () Bool false)
)
