sat
(
 (define-fun a () T @T_3)
 (define-fun b () T @T_3)
 (define-fun c () T @T_3)
 (define-fun d () T @T_3)
)
unsat
