sat
((a S1!val!2)
 (b S1!val!2)
 (x true))
(
 (define-fun a () S1 S1!val!2)
 (define-fun b () S1 S1!val!2)
 (define-fun x () Bool true)
)
unsat
(((as not Bool) (and x (= ((as a S1)) (b)))))
