unsat
((= a b))
sat
(
 (define-fun a () S1 (as @v3 S1))
 (define-fun b () S1 (as @v4 S1))
 (define-fun f ((x!0 S1) (x!1 S1)) (S2 S1)
  (ite (and (= x!0 (as @v3 S1)) (= x!1 (as @v3 S1))) (as @v5 (S2 S1))
  (ite (and (= x!0 (as @v3 S1)) (= x!1 (as @v4 S1))) (as @v6 (S2 S1))
   (as @f!default (S2 S1)))))
)
((a (as @v3 S1))
 (b (as @v4 S1))
 ((f a a) (as @v5 (S2 S1)))
 ((f a b) (as @v6 (S2 S1))))
